// Jest Snapshot v1, https://goo.gl/fbAQLP

exports[`renders a basic table 1`] = `
<DocumentFragment>
  <table>
    <thead>
      <tr>
        <th
          colspan="2"
        >
          Name
        </th>
        <th
          colspan="4"
        >
          Info
        </th>
      </tr>
      <tr>
        <th
          colspan="1"
        >
          First Name
        </th>
        <th
          colspan="1"
        >
          Last Name
        </th>
        <th
          colspan="1"
        >
          Age
        </th>
        <th
          colspan="1"
        >
          Visits
        </th>
        <th
          colspan="1"
        >
          Status
        </th>
        <th
          colspan="1"
        >
          Profile Progress
        </th>
      </tr>
    </thead>
    <tbody>
      <tr>
        <td>
          tanner
        </td>
        <td>
          linsley
        </td>
        <td>
          29
        </td>
        <td>
          100
        </td>
        <td>
          In Relationship
        </td>
        <td>
          50
        </td>
      </tr>
      <tr>
        <td>
          derek
        </td>
        <td>
          perkins
        </td>
        <td>
          40
        </td>
        <td>
          40
        </td>
        <td>
          Single
        </td>
        <td>
          80
        </td>
      </tr>
      <tr>
        <td>
          joe
        </td>
        <td>
          bergevin
        </td>
        <td>
          45
        </td>
        <td>
          20
        </td>
        <td>
          Complicated
        </td>
        <td>
          10
        </td>
      </tr>
    </tbody>
  </table>
</DocumentFragment>
`;
