// Jest Snapshot v1, https://goo.gl/fbAQLP

exports[`renders a groupable table 1`] = `
Snapshot Diff:
- First value
+ Second value

@@ -19,24 +19,24 @@
          >
            <span
              style="cursor: pointer;"
              title="Toggle GroupBy"
            >
-             👊
+             🛑
            </span>
-           First Name
+           Last Name
          </th>
          <th
            colspan="1"
          >
            <span
              style="cursor: pointer;"
              title="Toggle GroupBy"
            >
              👊
            </span>
-           Last Name
+           First Name
          </th>
          <th
            colspan="1"
          >
            <span
@@ -83,86 +83,81 @@
        </tr>
      </thead>
      <tbody>
        <tr>
          <td>
-           firstName: tanner
+           <span
+             style="cursor: pointer;"
+           >
+             👉
+           </span>
+           lastName: linsley (2)
          </td>
          <td>
-           lastName: linsley
+           2 Names
          </td>
          <td>
-           age: 29
+           27.5 (avg)
          </td>
          <td>
-           visits: 100
-         </td>
-         <td>
-           status: In Relationship
-         </td>
-         <td>
-           progress: 50
-         </td>
-       </tr>
-       <tr>
-         <td>
-           firstName: derek
+           199 (total)
          </td>
          <td>
-           lastName: perkins
-         </td>
-         <td>
-           age: 40
-         </td>
-         <td>
-           visits: 40
-         </td>
-         <td>
-           status: Single
+           status: null
          </td>
          <td>
-           progress: 80
+           60 (med)
          </td>
        </tr>
        <tr>
          <td>
-           firstName: joe
+           <span
+             style="cursor: pointer;"
+           >
+             👉
+           </span>
+           lastName: perkins (1)
          </td>
          <td>
-           lastName: bergevin
+           1 Names
          </td>
          <td>
-           age: 45
+           40 (avg)
          </td>
          <td>
-           visits: 20
+           40 (total)
          </td>
          <td>
-           status: Complicated
+           status: null
          </td>
          <td>
-           progress: 10
+           80 (med)
          </td>
        </tr>
        <tr>
          <td>
-           firstName: jaylen
+           <span
+             style="cursor: pointer;"
+           >
+             👉
+           </span>
+           lastName: bergevin (1)
          </td>
          <td>
-           lastName: linsley
+           1 Names
          </td>
          <td>
-           age: 26
+           45 (avg)
          </td>
          <td>
-           visits: 99
+           20 (total)
          </td>
          <td>
-           status: In Relationship
+           status: null
          </td>
          <td>
-           progress: 70
+           10 (med)
          </td>
        </tr>
      </tbody>
    </table>
  </DocumentFragment>
`;

exports[`renders a groupable table 2`] = `
Snapshot Diff:
- First value
+ Second value

@@ -1,16 +1,26 @@
  <DocumentFragment>
    <table>
      <thead>
        <tr>
          <th
-           colspan="2"
+           colspan="1"
+         >
+           Name
+         </th>
+         <th
+           colspan="1"
+         >
+           Info
+         </th>
+         <th
+           colspan="1"
          >
            Name
          </th>
          <th
-           colspan="4"
+           colspan="3"
          >
            Info
          </th>
        </tr>
        <tr>
@@ -30,35 +40,35 @@
          >
            <span
              style="cursor: pointer;"
              title="Toggle GroupBy"
            >
-             👊
+             🛑
            </span>
-           First Name
+           Visits
          </th>
          <th
            colspan="1"
          >
            <span
              style="cursor: pointer;"
              title="Toggle GroupBy"
            >
              👊
            </span>
-           Age
+           First Name
          </th>
          <th
            colspan="1"
          >
            <span
              style="cursor: pointer;"
              title="Toggle GroupBy"
            >
              👊
            </span>
-           Visits
+           Age
          </th>
          <th
            colspan="1"
          >
            <span
@@ -90,18 +100,16 @@
            >
              👉
            </span>
            lastName: linsley (2)
          </td>
+         <td />
          <td>
            2 Names
          </td>
          <td>
            27.5 (avg)
-         </td>
-         <td>
-           199 (total)
          </td>
          <td>
            status: null
          </td>
          <td>
@@ -115,20 +123,18 @@
            >
              👉
            </span>
            lastName: perkins (1)
          </td>
+         <td />
          <td>
            1 Names
          </td>
          <td>
            40 (avg)
          </td>
          <td>
-           40 (total)
-         </td>
-         <td>
            status: null
          </td>
          <td>
            80 (med)
          </td>
@@ -140,18 +146,16 @@
            >
              👉
            </span>
            lastName: bergevin (1)
          </td>
+         <td />
          <td>
            1 Names
          </td>
          <td>
            45 (avg)
-         </td>
-         <td>
-           20 (total)
          </td>
          <td>
            status: null
          </td>
          <td>
`;
